
Equation solved.

fsolve completed because the vector of function values is near zero
as measured by the value of the function tolerance, and
the problem appears regular as measured by the gradient.


Equation solved.

fsolve completed because the vector of function values is near zero
as measured by the value of the function tolerance, and
the problem appears regular as measured by the gradient.


Equation solved.

fsolve completed because the vector of function values is near zero
as measured by the value of the function tolerance, and
the problem appears regular as measured by the gradient.


========================================================
  estimator = div_sigma          method = L2   (1/6)
========================================================
----------------------------------------------------- Load step 1 -----------------------------------------------------
%%%%%%%%%% Iteration 1 %%%%%%%%%%
SOLVE:
Number of elements: 3. Total DOFs: 135 
Solved in 1  iteration, residual= 3.952076e-07  
ESTIMATE:
Computed error estimate: 9.047057e+04 
MARK:
1 elements marked for refinement 
REFINE:

%%%%%%%%%% Iteration 2 %%%%%%%%%%
SOLVE:
Number of elements: 10. Total DOFs: 204 
Solved in 1  iteration, residual= 2.994618e-07  
ESTIMATE:
Computed error estimate: 5.895360e+04 
MARK:
1 elements marked for refinement 
REFINE:

%%%%%%%%%% Iteration 3 %%%%%%%%%%
SOLVE:
Number of elements: 17. Total DOFs: 273 
Solved in 1  iteration, residual= 2.311351e-07  
ESTIMATE:
Computed error estimate: 4.553321e+04 
MARK:
1 elements marked for refinement 
REFINE:

%%%%%%%%%% Iteration 4 %%%%%%%%%%
SOLVE:
Number of elements: 24. Total DOFs: 384 
Solved in 1  iteration, residual= 3.306706e-07  
ESTIMATE:
Computed error estimate: 3.725690e+04 
MARK:
2 elements marked for refinement 
REFINE:

%%%%%%%%%% Iteration 5 %%%%%%%%%%
SOLVE:
Number of elements: 38. Total DOFs: 444 
Solved in 1  iteration, residual= 3.095120e-07  
skip refinement
MARK COARSENING:
1 elements marked for coarsening 
MARK COARSENING:
1 elements marked for coarsening 
----------------------------------------------------- Load step 2 -----------------------------------------------------
%%%%%%%%%% Iteration 1 %%%%%%%%%%
SOLVE:
Number of elements: 31. Total DOFs: 333 
Solved in 1  iteration, residual= 5.359430e-07  
ESTIMATE:
Computed error estimate: 8.458783e+04 
Warning: reached the maximum number of levels
MARK COARSENING:
2 elements marked for coarsening 
MARK COARSENING:
2 elements marked for coarsening 
----------------------------------------------------- Load step 3 -----------------------------------------------------
%%%%%%%%%% Iteration 1 %%%%%%%%%%
SOLVE:
Number of elements: 17. Total DOFs: 273 
Solved in 4  iteration, residual= 6.868855e-06  
ESTIMATE:
Computed error estimate: 1.356379e+05 
MARK:
1 elements marked for refinement 
REFINE:

%%%%%%%%%% Iteration 2 %%%%%%%%%%
SOLVE:
Number of elements: 24. Total DOFs: 384 
Solved in 3  iteration, residual= 1.151518e-06  
ESTIMATE:
Computed error estimate: 9.905850e+04 
MARK:
2 elements marked for refinement 
REFINE:

%%%%%%%%%% Iteration 3 %%%%%%%%%%
SOLVE:
Number of elements: 38. Total DOFs: 384 
Solved in 2  iteration, residual= 1.485939e-06  
ESTIMATE:
Computed error estimate: 9.090354e+04 
Warning: reached the maximum number of levels
MARK COARSENING:
2 elements marked for coarsening 
MARK COARSENING:
2 elements marked for coarsening 
----------------------------------------------------- Load step 4 -----------------------------------------------------
%%%%%%%%%% Iteration 1 %%%%%%%%%%
SOLVE:
Number of elements: 24. Total DOFs: 384 
Solved in 5  iteration, residual= 2.275086e-06  
ESTIMATE:
Computed error estimate: 1.373987e+05 
MARK:
2 elements marked for refinement 
REFINE:

%%%%%%%%%% Iteration 2 %%%%%%%%%%
SOLVE:
Number of elements: 38. Total DOFs: 384 
Solved in 4  iteration, residual= 2.411856e-06  
ESTIMATE:
Computed error estimate: 1.287606e+05 
Warning: reached the maximum number of levels
MARK COARSENING:
2 elements marked for coarsening 
MARK COARSENING:
2 elements marked for coarsening 
----------------------------------------------------- Load step 5 -----------------------------------------------------
%%%%%%%%%% Iteration 1 %%%%%%%%%%
SOLVE:
Number of elements: 24. Total DOFs: 384 
Solved in 7  iteration, residual= 5.841035e-06  
ESTIMATE:
Computed error estimate: 1.761594e+05 
MARK:
8 elements marked for refinement 
REFINE:

%%%%%%%%%% Iteration 2 %%%%%%%%%%
SOLVE:
Number of elements: 80. Total DOFs: 516 
Solved in 5  iteration, residual= 3.248871e-04  
ESTIMATE:
Computed error estimate: 1.524962e+05 
Warning: reached the maximum number of levels
MARK COARSENING:
4 elements marked for coarsening 
MARK COARSENING:
4 elements marked for coarsening 
  ndof=456  nel=52  nlev=3  wall=375.2s
  err_u   max=2.020e-04  avg=1.153e-04
  sigma_r max=1.898e+01  avg=2.359e+00
  sigma_t max=1.957e+01  avg=4.294e+00

========================================================
  estimator = div_sigma          method = QI   (2/6)
========================================================
----------------------------------------------------- Load step 1 -----------------------------------------------------
%%%%%%%%%% Iteration 1 %%%%%%%%%%
SOLVE:
Number of elements: 3. Total DOFs: 135 
Solved in 1  iteration, residual= 3.952076e-07  
ESTIMATE:
Computed error estimate: 9.350805e+04 
MARK:
1 elements marked for refinement 
REFINE:

%%%%%%%%%% Iteration 2 %%%%%%%%%%
SOLVE:
Number of elements: 10. Total DOFs: 204 
Solved in 1  iteration, residual= 2.994618e-07  
ESTIMATE:
Computed error estimate: 5.798608e+04 
MARK:
1 elements marked for refinement 
REFINE:

%%%%%%%%%% Iteration 3 %%%%%%%%%%
SOLVE:
Number of elements: 17. Total DOFs: 273 
Solved in 1  iteration, residual= 2.311351e-07  
ESTIMATE:
Computed error estimate: 4.535257e+04 
MARK:
1 elements marked for refinement 
REFINE:

%%%%%%%%%% Iteration 4 %%%%%%%%%%
SOLVE:
Number of elements: 24. Total DOFs: 384 
Solved in 1  iteration, residual= 3.306706e-07  
ESTIMATE:
Computed error estimate: 3.755372e+04 
MARK:
2 elements marked for refinement 
REFINE:

%%%%%%%%%% Iteration 5 %%%%%%%%%%
SOLVE:
Number of elements: 38. Total DOFs: 444 
Solved in 1  iteration, residual= 3.095120e-07  
skip refinement
MARK COARSENING:
1 elements marked for coarsening 
MARK COARSENING:
1 elements marked for coarsening 
----------------------------------------------------- Load step 2 -----------------------------------------------------
%%%%%%%%%% Iteration 1 %%%%%%%%%%
SOLVE:
Number of elements: 31. Total DOFs: 333 
Solved in 1  iteration, residual= 5.359430e-07  
ESTIMATE:
Computed error estimate: 8.245556e+04 
Warning: reached the maximum number of levels
MARK COARSENING:
2 elements marked for coarsening 
MARK COARSENING:
2 elements marked for coarsening 
----------------------------------------------------- Load step 3 -----------------------------------------------------
%%%%%%%%%% Iteration 1 %%%%%%%%%%
SOLVE:
Number of elements: 17. Total DOFs: 273 
Solved in 4  iteration, residual= 6.868855e-06  
ESTIMATE:
Computed error estimate: 1.322934e+05 
MARK:
1 elements marked for refinement 
REFINE:

%%%%%%%%%% Iteration 2 %%%%%%%%%%
SOLVE:
Number of elements: 24. Total DOFs: 384 
Solved in 3  iteration, residual= 1.448892e-06  
ESTIMATE:
Computed error estimate: 1.034565e+05 
MARK:
2 elements marked for refinement 
REFINE:

%%%%%%%%%% Iteration 3 %%%%%%%%%%
SOLVE:
Number of elements: 38. Total DOFs: 384 
Solved in 2  iteration, residual= 1.807545e-05  
ESTIMATE:
Computed error estimate: 9.780504e+04 
Warning: reached the maximum number of levels
MARK COARSENING:
2 elements marked for coarsening 
MARK COARSENING:
2 elements marked for coarsening 
----------------------------------------------------- Load step 4 -----------------------------------------------------
%%%%%%%%%% Iteration 1 %%%%%%%%%%
SOLVE:
Number of elements: 24. Total DOFs: 384 
Solved in 5  iteration, residual= 2.283229e-06  
ESTIMATE:
Computed error estimate: 1.467245e+05 
MARK:
2 elements marked for refinement 
REFINE:

%%%%%%%%%% Iteration 2 %%%%%%%%%%
SOLVE:
Number of elements: 38. Total DOFs: 384 
Solved in 4  iteration, residual= 2.312684e-06  
ESTIMATE:
Computed error estimate: 1.344504e+05 
Warning: reached the maximum number of levels
MARK COARSENING:
2 elements marked for coarsening 
MARK COARSENING:
2 elements marked for coarsening 
----------------------------------------------------- Load step 5 -----------------------------------------------------
%%%%%%%%%% Iteration 1 %%%%%%%%%%
SOLVE:
Number of elements: 24. Total DOFs: 384 
Solved in 7  iteration, residual= 7.355331e-06  
ESTIMATE:
Computed error estimate: 1.923419e+05 
MARK:
4 elements marked for refinement 
REFINE:

%%%%%%%%%% Iteration 2 %%%%%%%%%%
SOLVE:
Number of elements: 52. Total DOFs: 504 
Solved in 5  iteration, residual= 1.839068e-04  
ESTIMATE:
Computed error estimate: 1.913879e+05 
Warning: reached the maximum number of levels
MARK COARSENING:
3 elements marked for coarsening 
MARK COARSENING:
3 elements marked for coarsening 
  ndof=384  nel=38  nlev=3  wall=271.7s
  err_u   max=7.049e-04  avg=3.427e-04
  sigma_r max=6.343e+01  avg=5.434e+00
  sigma_t max=7.497e+01  avg=6.490e+00

========================================================
  estimator = div_sigma          method = QI_ref   (3/6)
========================================================
----------------------------------------------------- Load step 1 -----------------------------------------------------
%%%%%%%%%% Iteration 1 %%%%%%%%%%
SOLVE:
Number of elements: 3. Total DOFs: 135 
Solved in 1  iteration, residual= 3.952076e-07  
ESTIMATE:
Computed error estimate: 1.092785e+05 
MARK:
1 elements marked for refinement 
REFINE:

%%%%%%%%%% Iteration 2 %%%%%%%%%%
SOLVE:
Number of elements: 10. Total DOFs: 204 
Solved in 1  iteration, residual= 2.994618e-07  
ESTIMATE:
Computed error estimate: 6.719751e+04 
MARK:
1 elements marked for refinement 
REFINE:

%%%%%%%%%% Iteration 3 %%%%%%%%%%
SOLVE:
Number of elements: 17. Total DOFs: 273 
Solved in 1  iteration, residual= 2.311351e-07  
ESTIMATE:
Computed error estimate: 5.166897e+04 
MARK:
1 elements marked for refinement 
REFINE:

%%%%%%%%%% Iteration 4 %%%%%%%%%%
SOLVE:
Number of elements: 24. Total DOFs: 384 
Solved in 1  iteration, residual= 3.306706e-07  
ESTIMATE:
Computed error estimate: 4.337112e+04 
MARK:
4 elements marked for refinement 
REFINE:

%%%%%%%%%% Iteration 5 %%%%%%%%%%
SOLVE:
Number of elements: 52. Total DOFs: 552 
Solved in 1  iteration, residual= 3.389236e-07  
skip refinement
MARK COARSENING:
1 elements marked for coarsening 
MARK COARSENING:
1 elements marked for coarsening 
----------------------------------------------------- Load step 2 -----------------------------------------------------
%%%%%%%%%% Iteration 1 %%%%%%%%%%
SOLVE:
Number of elements: 52. Total DOFs: 552 
Solved in 1  iteration, residual= 5.895430e-07  
ESTIMATE:
Computed error estimate: 6.821993e+04 
Warning: reached the maximum number of levels
MARK COARSENING:
3 elements marked for coarsening 
MARK COARSENING:
3 elements marked for coarsening 
----------------------------------------------------- Load step 3 -----------------------------------------------------
%%%%%%%%%% Iteration 1 %%%%%%%%%%
SOLVE:
Number of elements: 38. Total DOFs: 444 
Solved in 5  iteration, residual= 1.256052e-06  
ESTIMATE:
Computed error estimate: 1.245946e+05 
Warning: reached the maximum number of levels
MARK COARSENING:
2 elements marked for coarsening 
MARK COARSENING:
2 elements marked for coarsening 
----------------------------------------------------- Load step 4 -----------------------------------------------------
%%%%%%%%%% Iteration 1 %%%%%%%%%%
SOLVE:
Number of elements: 24. Total DOFs: 384 
Solved in 4  iteration, residual= 1.660000e-02  
ESTIMATE:
Computed error estimate: 2.123093e+05 
MARK:
2 elements marked for refinement 
REFINE:

%%%%%%%%%% Iteration 2 %%%%%%%%%%
SOLVE:
Number of elements: 38. Total DOFs: 384 
Solved in 4  iteration, residual= 2.274117e-06  
ESTIMATE:
Computed error estimate: 1.924389e+05 
Warning: reached the maximum number of levels
MARK COARSENING:
2 elements marked for coarsening 
MARK COARSENING:
2 elements marked for coarsening 
----------------------------------------------------- Load step 5 -----------------------------------------------------
%%%%%%%%%% Iteration 1 %%%%%%%%%%
SOLVE:
Number of elements: 24. Total DOFs: 384 
Solved in 7  iteration, residual= 5.155332e-06  
ESTIMATE:
Computed error estimate: 3.423429e+05 
MARK:
2 elements marked for refinement 
REFINE:

%%%%%%%%%% Iteration 2 %%%%%%%%%%
SOLVE:
Number of elements: 38. Total DOFs: 444 
Solved in 6  iteration, residual= 6.491267e-06  
ESTIMATE:
Computed error estimate: 3.007055e+05 
Warning: reached the maximum number of levels
MARK COARSENING:
2 elements marked for coarsening 
MARK COARSENING:
2 elements marked for coarsening 
  ndof=384  nel=24  nlev=2  wall=254.7s
  err_u   max=4.120e-04  avg=2.074e-04
  sigma_r max=7.483e+01  avg=7.726e+00
  sigma_t max=7.558e+01  avg=6.638e+00

========================================================
  estimator = stress_gradient    method = L2   (4/6)
========================================================
----------------------------------------------------- Load step 1 -----------------------------------------------------
%%%%%%%%%% Iteration 1 %%%%%%%%%%
SOLVE:
Number of elements: 3. Total DOFs: 135 
Solved in 1  iteration, residual= 3.952076e-07  
ESTIMATE:
Computed error estimate: 2.393415e+05 
MARK:
1 elements marked for refinement 
REFINE:

%%%%%%%%%% Iteration 2 %%%%%%%%%%
SOLVE:
Number of elements: 10. Total DOFs: 204 
Solved in 1  iteration, residual= 2.994618e-07  
ESTIMATE:
Computed error estimate: 1.642000e+05 
MARK:
1 elements marked for refinement 
REFINE:

%%%%%%%%%% Iteration 3 %%%%%%%%%%
SOLVE:
Number of elements: 17. Total DOFs: 273 
Solved in 1  iteration, residual= 2.311351e-07  
ESTIMATE:
Computed error estimate: 1.335925e+05 
MARK:
1 elements marked for refinement 
REFINE:

%%%%%%%%%% Iteration 4 %%%%%%%%%%
SOLVE:
Number of elements: 24. Total DOFs: 384 
Solved in 1  iteration, residual= 3.306706e-07  
ESTIMATE:
Computed error estimate: 1.179258e+05 
MARK:
2 elements marked for refinement 
REFINE:

%%%%%%%%%% Iteration 5 %%%%%%%%%%
SOLVE:
Number of elements: 38. Total DOFs: 444 
Solved in 1  iteration, residual= 3.835293e-07  
skip refinement
MARK COARSENING:
1 elements marked for coarsening 
MARK COARSENING:
1 elements marked for coarsening 
----------------------------------------------------- Load step 2 -----------------------------------------------------
%%%%%%%%%% Iteration 1 %%%%%%%%%%
SOLVE:
Number of elements: 38. Total DOFs: 444 
Solved in 1  iteration, residual= 7.376685e-07  
ESTIMATE:
Computed error estimate: 2.077663e+05 
Warning: reached the maximum number of levels
MARK COARSENING:
2 elements marked for coarsening 
MARK COARSENING:
2 elements marked for coarsening 
----------------------------------------------------- Load step 3 -----------------------------------------------------
%%%%%%%%%% Iteration 1 %%%%%%%%%%
SOLVE:
Number of elements: 24. Total DOFs: 384 
Solved in 4  iteration, residual= 1.281230e-05  
ESTIMATE:
Computed error estimate: 3.959997e+05 
MARK:
2 elements marked for refinement 
REFINE:

%%%%%%%%%% Iteration 2 %%%%%%%%%%
SOLVE:
Number of elements: 38. Total DOFs: 444 
Solved in 3  iteration, residual= 1.409081e-04  
ESTIMATE:
Computed error estimate: 3.440336e+05 
Warning: reached the maximum number of levels
MARK COARSENING:
2 elements marked for coarsening 
MARK COARSENING:
2 elements marked for coarsening 
----------------------------------------------------- Load step 4 -----------------------------------------------------
%%%%%%%%%% Iteration 1 %%%%%%%%%%
SOLVE:
Number of elements: 24. Total DOFs: 384 
Solved in 4  iteration, residual= 8.103547e-03  
ESTIMATE:
Computed error estimate: 5.793307e+05 
MARK:
2 elements marked for refinement 
REFINE:

%%%%%%%%%% Iteration 2 %%%%%%%%%%
SOLVE:
Number of elements: 38. Total DOFs: 384 
Solved in 4  iteration, residual= 2.134127e-06  
ESTIMATE:
Computed error estimate: 5.278312e+05 
Warning: reached the maximum number of levels
MARK COARSENING:
2 elements marked for coarsening 
MARK COARSENING:
2 elements marked for coarsening 
----------------------------------------------------- Load step 5 -----------------------------------------------------
%%%%%%%%%% Iteration 1 %%%%%%%%%%
SOLVE:
Number of elements: 24. Total DOFs: 384 
Solved in 7  iteration, residual= 6.285080e-06  
ESTIMATE:
Computed error estimate: 8.810782e+05 
MARK:
4 elements marked for refinement 
REFINE:

%%%%%%%%%% Iteration 2 %%%%%%%%%%
SOLVE:
Number of elements: 52. Total DOFs: 456 
Solved in 6  iteration, residual= 6.090858e-06  
ESTIMATE:
Computed error estimate: 7.952615e+05 
Warning: reached the maximum number of levels
MARK COARSENING:
3 elements marked for coarsening 
MARK COARSENING:
3 elements marked for coarsening 
  ndof=384  nel=31  nlev=3  wall=10.3s
  err_u   max=1.485e-04  avg=8.289e-05
  sigma_r max=1.892e+01  avg=2.606e+00
  sigma_t max=1.968e+01  avg=3.449e+00

========================================================
  estimator = stress_gradient    method = QI   (5/6)
========================================================
----------------------------------------------------- Load step 1 -----------------------------------------------------
%%%%%%%%%% Iteration 1 %%%%%%%%%%
SOLVE:
Number of elements: 3. Total DOFs: 135 
Solved in 1  iteration, residual= 3.952076e-07  
ESTIMATE:
Computed error estimate: 2.394198e+05 
MARK:
1 elements marked for refinement 
REFINE:

%%%%%%%%%% Iteration 2 %%%%%%%%%%
SOLVE:
Number of elements: 10. Total DOFs: 204 
Solved in 1  iteration, residual= 2.994618e-07  
ESTIMATE:
Computed error estimate: 1.646035e+05 
MARK:
1 elements marked for refinement 
REFINE:

%%%%%%%%%% Iteration 3 %%%%%%%%%%
SOLVE:
Number of elements: 17. Total DOFs: 273 
Solved in 1  iteration, residual= 2.311351e-07  
ESTIMATE:
Computed error estimate: 1.342412e+05 
MARK:
1 elements marked for refinement 
REFINE:

%%%%%%%%%% Iteration 4 %%%%%%%%%%
SOLVE:
Number of elements: 24. Total DOFs: 384 
Solved in 1  iteration, residual= 3.306706e-07  
ESTIMATE:
Computed error estimate: 1.173083e+05 
MARK:
2 elements marked for refinement 
REFINE:

%%%%%%%%%% Iteration 5 %%%%%%%%%%
SOLVE:
Number of elements: 38. Total DOFs: 444 
Solved in 1  iteration, residual= 3.835293e-07  
skip refinement
MARK COARSENING:
1 elements marked for coarsening 
MARK COARSENING:
1 elements marked for coarsening 
----------------------------------------------------- Load step 2 -----------------------------------------------------
%%%%%%%%%% Iteration 1 %%%%%%%%%%
SOLVE:
Number of elements: 38. Total DOFs: 444 
Solved in 1  iteration, residual= 7.376685e-07  
ESTIMATE:
Computed error estimate: 2.078345e+05 
Warning: reached the maximum number of levels
MARK COARSENING:
2 elements marked for coarsening 
MARK COARSENING:
2 elements marked for coarsening 
----------------------------------------------------- Load step 3 -----------------------------------------------------
%%%%%%%%%% Iteration 1 %%%%%%%%%%
SOLVE:
Number of elements: 24. Total DOFs: 384 
Solved in 4  iteration, residual= 1.281230e-05  
ESTIMATE:
Computed error estimate: 3.678060e+05 
MARK:
2 elements marked for refinement 
REFINE:

%%%%%%%%%% Iteration 2 %%%%%%%%%%
SOLVE:
Number of elements: 38. Total DOFs: 444 
Solved in 3  iteration, residual= 2.949311e-05  
ESTIMATE:
Computed error estimate: 3.369831e+05 
Warning: reached the maximum number of levels
MARK COARSENING:
2 elements marked for coarsening 
MARK COARSENING:
2 elements marked for coarsening 
----------------------------------------------------- Load step 4 -----------------------------------------------------
%%%%%%%%%% Iteration 1 %%%%%%%%%%
SOLVE:
Number of elements: 24. Total DOFs: 384 
Solved in 5  iteration, residual= 1.753908e-06  
ESTIMATE:
Computed error estimate: 5.681122e+05 
MARK:
2 elements marked for refinement 
REFINE:

%%%%%%%%%% Iteration 2 %%%%%%%%%%
SOLVE:
Number of elements: 38. Total DOFs: 384 
Solved in 3  iteration, residual= 3.487320e-04  
ESTIMATE:
Computed error estimate: 5.308844e+05 
Warning: reached the maximum number of levels
MARK COARSENING:
2 elements marked for coarsening 
MARK COARSENING:
2 elements marked for coarsening 
----------------------------------------------------- Load step 5 -----------------------------------------------------
%%%%%%%%%% Iteration 1 %%%%%%%%%%
SOLVE:
Number of elements: 24. Total DOFs: 384 
Solved in 7  iteration, residual= 5.083794e-06  
ESTIMATE:
Computed error estimate: 8.463996e+05 
MARK:
6 elements marked for refinement 
REFINE:

%%%%%%%%%% Iteration 2 %%%%%%%%%%
SOLVE:
Number of elements: 66. Total DOFs: 456 
Solved in 5  iteration, residual= 5.726095e-06  
ESTIMATE:
Computed error estimate: 7.417988e+05 
Warning: reached the maximum number of levels
MARK COARSENING:
3 elements marked for coarsening 
MARK COARSENING:
3 elements marked for coarsening 
  ndof=384  nel=45  nlev=3  wall=17.3s
  err_u   max=5.561e-04  avg=2.780e-04
  sigma_r max=4.666e+01  avg=4.889e+00
  sigma_t max=4.742e+01  avg=5.981e+00

========================================================
  estimator = stress_gradient    method = QI_ref   (6/6)
========================================================
----------------------------------------------------- Load step 1 -----------------------------------------------------
%%%%%%%%%% Iteration 1 %%%%%%%%%%
SOLVE:
Number of elements: 3. Total DOFs: 135 
Solved in 1  iteration, residual= 3.952076e-07  
ESTIMATE:
Computed error estimate: 2.531988e+05 
MARK:
1 elements marked for refinement 
REFINE:

%%%%%%%%%% Iteration 2 %%%%%%%%%%
SOLVE:
Number of elements: 10. Total DOFs: 204 
Solved in 1  iteration, residual= 2.994618e-07  
ESTIMATE:
Computed error estimate: 1.703916e+05 
MARK:
1 elements marked for refinement 
REFINE:

%%%%%%%%%% Iteration 3 %%%%%%%%%%
SOLVE:
Number of elements: 17. Total DOFs: 273 
Solved in 1  iteration, residual= 2.311351e-07  
ESTIMATE:
Computed error estimate: 1.368579e+05 
MARK:
1 elements marked for refinement 
REFINE:

%%%%%%%%%% Iteration 4 %%%%%%%%%%
SOLVE:
Number of elements: 24. Total DOFs: 384 
Solved in 1  iteration, residual= 3.306706e-07  
ESTIMATE:
Computed error estimate: 1.205828e+05 
MARK:
2 elements marked for refinement 
REFINE:

%%%%%%%%%% Iteration 5 %%%%%%%%%%
SOLVE:
Number of elements: 38. Total DOFs: 444 
Solved in 1  iteration, residual= 3.835293e-07  
skip refinement
MARK COARSENING:
1 elements marked for coarsening 
MARK COARSENING:
1 elements marked for coarsening 
----------------------------------------------------- Load step 2 -----------------------------------------------------
%%%%%%%%%% Iteration 1 %%%%%%%%%%
SOLVE:
Number of elements: 38. Total DOFs: 444 
Solved in 1  iteration, residual= 7.376685e-07  
ESTIMATE:
Computed error estimate: 2.122692e+05 
Warning: reached the maximum number of levels
MARK COARSENING:
2 elements marked for coarsening 
MARK COARSENING:
2 elements marked for coarsening 
----------------------------------------------------- Load step 3 -----------------------------------------------------
%%%%%%%%%% Iteration 1 %%%%%%%%%%
SOLVE:
Number of elements: 24. Total DOFs: 384 
Solved in 4  iteration, residual= 1.281230e-05  
ESTIMATE:
Computed error estimate: 4.118471e+05 
MARK:
2 elements marked for refinement 
REFINE:

%%%%%%%%%% Iteration 2 %%%%%%%%%%
SOLVE:
Number of elements: 38. Total DOFs: 444 
Solved in 4  iteration, residual= 1.101217e-06  
ESTIMATE:
Computed error estimate: 3.638884e+05 
Warning: reached the maximum number of levels
MARK COARSENING:
2 elements marked for coarsening 
MARK COARSENING:
2 elements marked for coarsening 
----------------------------------------------------- Load step 4 -----------------------------------------------------
%%%%%%%%%% Iteration 1 %%%%%%%%%%
SOLVE:
Number of elements: 24. Total DOFs: 384 
Solved in 5  iteration, residual= 2.179176e-06  
ESTIMATE:
Computed error estimate: 6.271028e+05 
MARK:
4 elements marked for refinement 
REFINE:

%%%%%%%%%% Iteration 2 %%%%%%%%%%
SOLVE:
Number of elements: 52. Total DOFs: 504 
Solved in 5  iteration, residual= 1.764392e-06  
ESTIMATE:
Computed error estimate: 5.250576e+05 
Warning: reached the maximum number of levels
MARK COARSENING:
3 elements marked for coarsening 
MARK COARSENING:
3 elements marked for coarsening 
----------------------------------------------------- Load step 5 -----------------------------------------------------
%%%%%%%%%% Iteration 1 %%%%%%%%%%
SOLVE:
Number of elements: 38. Total DOFs: 384 
Solved in 7  iteration, residual= 5.368018e-06  
ESTIMATE:
Computed error estimate: 9.861599e+05 
Warning: reached the maximum number of levels
MARK COARSENING:
2 elements marked for coarsening 
MARK COARSENING:
2 elements marked for coarsening 
  ndof=384  nel=24  nlev=2  wall=18.1s
  err_u   max=1.346e-03  avg=4.077e-04
  sigma_r max=6.974e+01  avg=7.897e+00
  sigma_t max=6.970e+01  avg=6.242e+00

Wrote compare_estimators.csv / .mat and pgfplots\compare_estimators.tex
