
Equation solved.

fsolve completed because the vector of function values is near zero
as measured by the value of the function tolerance, and
the problem appears regular as measured by the gradient.


Equation solved.

fsolve completed because the vector of function values is near zero
as measured by the value of the function tolerance, and
the problem appears regular as measured by the gradient.


Equation solved.

fsolve completed because the vector of function values is near zero
as measured by the value of the function tolerance, and
the problem appears regular as measured by the gradient.


================================================================
Running ex_plastic_sphere_hier with type_projection = L2
================================================================
----------------------------------------------------- Load step 1 -----------------------------------------------------
%%%%%%%%%% Iteration 1 %%%%%%%%%%
SOLVE:
Number of elements: 375. Total DOFs: 2499 
Solved in 1  iteration, residual= 3.705507e-07  
skip refinement
skip coarsening
----------------------------------------------------- Load step 2 -----------------------------------------------------
%%%%%%%%%% Iteration 1 %%%%%%%%%%
SOLVE:
Number of elements: 375. Total DOFs: 2499 
Solved in 1  iteration, residual= 4.846044e-07  
skip refinement
skip coarsening
----------------------------------------------------- Load step 3 -----------------------------------------------------
%%%%%%%%%% Iteration 1 %%%%%%%%%%
SOLVE:
Number of elements: 375. Total DOFs: 2499 
Solved in 4  iteration, residual= 2.804867e-06  
skip refinement
skip coarsening
----------------------------------------------------- Load step 4 -----------------------------------------------------
%%%%%%%%%% Iteration 1 %%%%%%%%%%
SOLVE:
Number of elements: 375. Total DOFs: 2499 
Solved in 5  iteration, residual= 1.659975e-06  
skip refinement
skip coarsening
----------------------------------------------------- Load step 5 -----------------------------------------------------
%%%%%%%%%% Iteration 1 %%%%%%%%%%
SOLVE:
Number of elements: 375. Total DOFs: 2499 
Solved in 6  iteration, residual= 4.065986e-06  
skip refinement
skip coarsening

================================================================
Running ex_plastic_sphere_hier with type_projection = QI
================================================================
----------------------------------------------------- Load step 1 -----------------------------------------------------
%%%%%%%%%% Iteration 1 %%%%%%%%%%
SOLVE:
Number of elements: 375. Total DOFs: 2499 
Solved in 1  iteration, residual= 3.705507e-07  
skip refinement
skip coarsening
----------------------------------------------------- Load step 2 -----------------------------------------------------
%%%%%%%%%% Iteration 1 %%%%%%%%%%
SOLVE:
Number of elements: 375. Total DOFs: 2499 
Solved in 1  iteration, residual= 4.846044e-07  
skip refinement
skip coarsening
----------------------------------------------------- Load step 3 -----------------------------------------------------
%%%%%%%%%% Iteration 1 %%%%%%%%%%
SOLVE:
Number of elements: 375. Total DOFs: 2499 
Solved in 4  iteration, residual= 2.804867e-06  
skip refinement
skip coarsening
----------------------------------------------------- Load step 4 -----------------------------------------------------
%%%%%%%%%% Iteration 1 %%%%%%%%%%
SOLVE:
Number of elements: 375. Total DOFs: 2499 
Solved in 5  iteration, residual= 1.659975e-06  
skip refinement
skip coarsening
----------------------------------------------------- Load step 5 -----------------------------------------------------
%%%%%%%%%% Iteration 1 %%%%%%%%%%
SOLVE:
Number of elements: 375. Total DOFs: 2499 
Solved in 6  iteration, residual= 4.065986e-06  
skip refinement
skip coarsening

================================================================
Running ex_plastic_sphere_hier with type_projection = QI_ref
================================================================
----------------------------------------------------- Load step 1 -----------------------------------------------------
%%%%%%%%%% Iteration 1 %%%%%%%%%%
SOLVE:
Number of elements: 375. Total DOFs: 2499 
Solved in 1  iteration, residual= 3.705507e-07  
skip refinement
skip coarsening
----------------------------------------------------- Load step 2 -----------------------------------------------------
%%%%%%%%%% Iteration 1 %%%%%%%%%%
SOLVE:
Number of elements: 375. Total DOFs: 2499 
Solved in 1  iteration, residual= 4.846044e-07  
skip refinement
skip coarsening
----------------------------------------------------- Load step 3 -----------------------------------------------------
%%%%%%%%%% Iteration 1 %%%%%%%%%%
SOLVE:
Number of elements: 375. Total DOFs: 2499 
Solved in 4  iteration, residual= 2.804867e-06  
skip refinement
skip coarsening
----------------------------------------------------- Load step 4 -----------------------------------------------------
%%%%%%%%%% Iteration 1 %%%%%%%%%%
SOLVE:
Number of elements: 375. Total DOFs: 2499 
Solved in 5  iteration, residual= 1.659975e-06  
skip refinement
skip coarsening
----------------------------------------------------- Load step 5 -----------------------------------------------------
%%%%%%%%%% Iteration 1 %%%%%%%%%%
SOLVE:
Number of elements: 375. Total DOFs: 2499 
Solved in 6  iteration, residual= 4.065986e-06  
skip refinement
skip coarsening

All done. Data tables and LaTeX in pgfplots/
